0 verbose cli C:\Program Files\nodejs\node.exe C:\Users\mendi\AppData\Roaming\npm\node_modules\npm\bin\npm-cli.js
1 info using npm@11.12.1
2 info using node@v24.14.0
3 silly config load:file:C:\Users\mendi\AppData\Roaming\npm\node_modules\npm\npmrc
4 silly config load:file:D:\salon-mobile-application\mobile\.npmrc
5 silly config load:file:C:\Users\mendi\.npmrc
6 silly config load:file:C:\Users\mendi\AppData\Roaming\npm\etc\npmrc
7 verbose title npm install
8 verbose argv "install" "--cache" ".npm-cache"
9 verbose logfile logs-max:10 dir:D:\salon-mobile-application\mobile\.npm-cache\_logs\2026-04-21T12_48_03_472Z-
10 verbose logfile D:\salon-mobile-application\mobile\.npm-cache\_logs\2026-04-21T12_48_03_472Z-debug-0.log
11 silly logfile done cleaning log files
12 silly packumentCache heap:2348810240 maxSize:587202560 maxEntrySize:293601280
13 silly idealTree buildDeps
14 silly fetch manifest expo-auth-session@~7.0.8
15 silly packumentCache full:https://registry.npmjs.org/expo-auth-session cache-miss
16 http fetch GET 200 https://registry.npmjs.org/npm 1562ms
17 http fetch GET 200 https://registry.npmjs.org/expo-auth-session 745ms (cache miss)
18 silly packumentCache full:https://registry.npmjs.org/expo-auth-session set size:undefined disposed:false
19 silly fetch manifest react@19.1.0
20 silly packumentCache full:https://registry.npmjs.org/react cache-miss
21 http fetch GET 200 https://registry.npmjs.org/react 540ms (cache miss)
22 silly packumentCache full:https://registry.npmjs.org/react set size:undefined disposed:false
23 silly fetch manifest react-native@0.81.5
24 silly packumentCache full:https://registry.npmjs.org/react-native cache-miss
25 http fetch GET 200 https://registry.npmjs.org/react-native 553ms (cache miss)
26 silly packumentCache full:https://registry.npmjs.org/react-native set size:undefined disposed:false
27 silly fetch manifest @types/react@^19.1.0
28 silly packumentCache full:https://registry.npmjs.org/@types%2freact cache-miss
29 http fetch GET 200 https://registry.npmjs.org/@types%2freact 232ms (cache miss)
30 silly packumentCache full:https://registry.npmjs.org/@types%2freact set size:undefined disposed:false
31 silly fetch manifest expo-web-browser@~15.0.8
32 silly packumentCache full:https://registry.npmjs.org/expo-web-browser cache-miss
33 http fetch GET 200 https://registry.npmjs.org/expo-web-browser 116ms (cache miss)
34 silly packumentCache full:https://registry.npmjs.org/expo-web-browser set size:undefined disposed:false
35 silly fetch manifest expo@^54.0.0
36 silly packumentCache full:https://registry.npmjs.org/expo cache-miss
37 http fetch GET 200 https://registry.npmjs.org/expo 343ms (cache miss)
38 silly packumentCache full:https://registry.npmjs.org/expo set size:undefined disposed:false
39 silly fetch manifest @expo/dom-webview@*
40 silly packumentCache full:https://registry.npmjs.org/@expo%2fdom-webview cache-miss
41 http fetch GET 200 https://registry.npmjs.org/@expo%2fdom-webview 154ms (cache miss)
42 silly packumentCache full:https://registry.npmjs.org/@expo%2fdom-webview set size:undefined disposed:false
43 silly fetch manifest @expo/metro-runtime@*
44 silly packumentCache full:https://registry.npmjs.org/@expo%2fmetro-runtime cache-miss
45 http fetch GET 200 https://registry.npmjs.org/@expo%2fmetro-runtime 139ms (cache miss)
46 silly packumentCache full:https://registry.npmjs.org/@expo%2fmetro-runtime set size:undefined disposed:false
47 silly fetch manifest react-dom@*
48 silly packumentCache full:https://registry.npmjs.org/react-dom cache-miss
49 http fetch GET 200 https://registry.npmjs.org/react-dom 923ms (cache miss)
50 silly packumentCache full:https://registry.npmjs.org/react-dom set size:undefined disposed:false
51 silly fetch manifest react@^19.2.5
52 silly packumentCache full:https://registry.npmjs.org/react cache-miss
53 http cache https://registry.npmjs.org/react 31ms (cache hit)
54 silly packumentCache full:https://registry.npmjs.org/react set size:6613874 disposed:false
55 silly fetch manifest react-native-webview@*
56 silly packumentCache full:https://registry.npmjs.org/react-native-webview cache-miss
57 http fetch GET 200 https://registry.npmjs.org/react-native-webview 179ms (cache miss)
58 silly packumentCache full:https://registry.npmjs.org/react-native-webview set size:undefined disposed:false
59 silly placeDep ROOT expo-auth-session@7.0.10 OK for: salon-management-mobile@1.0.0 want: ~7.0.8
60 silly placeDep ROOT expo-web-browser@15.0.10 OK for: salon-management-mobile@1.0.0 want: ~15.0.8
61 silly fetch manifest expo-crypto@~15.0.8
62 silly packumentCache full:https://registry.npmjs.org/expo-crypto cache-miss
63 silly fetch manifest expo-linking@~8.0.10
64 silly packumentCache full:https://registry.npmjs.org/expo-linking cache-miss
65 silly fetch manifest expo-application@~7.0.8
66 silly packumentCache full:https://registry.npmjs.org/expo-application cache-miss
67 silly fetch manifest expo-web-browser@~15.0.10
68 silly packumentCache full:https://registry.npmjs.org/expo-web-browser cache-miss
69 http cache https://registry.npmjs.org/expo-web-browser 27ms (cache hit)
70 silly packumentCache full:https://registry.npmjs.org/expo-web-browser set size:768933 disposed:false
71 http fetch GET 200 https://registry.npmjs.org/expo-linking 158ms (cache miss)
72 silly packumentCache full:https://registry.npmjs.org/expo-linking set size:undefined disposed:false
73 http fetch GET 200 https://registry.npmjs.org/expo-crypto 172ms (cache miss)
74 silly packumentCache full:https://registry.npmjs.org/expo-crypto set size:undefined disposed:false
75 http fetch GET 200 https://registry.npmjs.org/expo-application 624ms (cache miss)
76 silly packumentCache full:https://registry.npmjs.org/expo-application set size:undefined disposed:false
77 silly fetch manifest expo@*
78 silly packumentCache full:https://registry.npmjs.org/expo cache-miss
79 http cache https://registry.npmjs.org/expo 21ms (cache hit)
80 silly packumentCache full:https://registry.npmjs.org/expo set size:3639317 disposed:false
81 silly fetch manifest react@*
82 silly packumentCache full:https://registry.npmjs.org/react cache-miss
83 http cache https://registry.npmjs.org/react 58ms (cache hit)
84 silly packumentCache full:https://registry.npmjs.org/react set size:6613874 disposed:false
85 silly fetch manifest react-native@*
86 silly packumentCache full:https://registry.npmjs.org/react-native cache-miss
87 http cache https://registry.npmjs.org/react-native 100ms (cache hit)
88 silly packumentCache full:https://registry.npmjs.org/react-native set size:15154347 disposed:false
89 silly fetch manifest @react-native/jest-preset@0.85.2
90 silly packumentCache full:https://registry.npmjs.org/@react-native%2fjest-preset cache-miss
91 http fetch GET 200 https://registry.npmjs.org/@react-native%2fjest-preset 102ms (cache miss)
92 silly packumentCache full:https://registry.npmjs.org/@react-native%2fjest-preset set size:undefined disposed:false
93 silly fetch manifest @types/react@^19.1.1
94 silly packumentCache full:https://registry.npmjs.org/@types%2freact cache-miss
95 http cache https://registry.npmjs.org/@types%2freact 16ms (cache hit)
96 silly packumentCache full:https://registry.npmjs.org/@types%2freact set size:2588964 disposed:false
97 silly placeDep node_modules/expo-auth-session expo-application@7.0.8 CONFLICT for: expo-auth-session@7.0.10 want: ~7.0.8
98 silly placeDep node_modules/expo-auth-session expo-crypto@15.0.8 CONFLICT for: expo-auth-session@7.0.10 want: ~15.0.8
99 silly placeDep ROOT expo-linking@8.0.11 OK for: expo-auth-session@7.0.10 want: ~8.0.10
100 silly reify moves {}
101 silly audit bulk request {
101 silly audit   '@0no-co/graphql.web': [ '1.2.0' ],
101 silly audit   '@babel/code-frame': [ '7.10.4', '7.29.0' ],
101 silly audit   '@babel/compat-data': [ '7.29.0' ],
101 silly audit   '@babel/core': [ '7.29.0' ],
101 silly audit   semver: [ '6.3.1', '7.7.4' ],
101 silly audit   '@babel/generator': [ '7.29.1' ],
101 silly audit   '@babel/helper-annotate-as-pure': [ '7.27.3' ],
101 silly audit   '@babel/helper-compilation-targets': [ '7.28.6' ],
101 silly audit   '@babel/helper-create-class-features-plugin': [ '7.28.6' ],
101 silly audit   '@babel/helper-create-regexp-features-plugin': [ '7.28.5' ],
101 silly audit   '@babel/helper-define-polyfill-provider': [ '0.6.8' ],
101 silly audit   '@babel/helper-globals': [ '7.28.0' ],
101 silly audit   '@babel/helper-member-expression-to-functions': [ '7.28.5' ],
101 silly audit   '@babel/helper-module-imports': [ '7.28.6' ],
101 silly audit   '@babel/helper-module-transforms': [ '7.28.6' ],
101 silly audit   '@babel/helper-optimise-call-expression': [ '7.27.1' ],
101 silly audit   '@babel/helper-plugin-utils': [ '7.28.6' ],
101 silly audit   '@babel/helper-remap-async-to-generator': [ '7.27.1' ],
101 silly audit   '@babel/helper-replace-supers': [ '7.28.6' ],
101 silly audit   '@babel/helper-skip-transparent-expression-wrappers': [ '7.27.1' ],
101 silly audit   '@babel/helper-string-parser': [ '7.27.1' ],
101 silly audit   '@babel/helper-validator-identifier': [ '7.28.5' ],
101 silly audit   '@babel/helper-validator-option': [ '7.27.1' ],
101 silly audit   '@babel/helper-wrap-function': [ '7.28.6' ],
101 silly audit   '@babel/helpers': [ '7.29.2' ],
101 silly audit   '@babel/highlight': [ '7.25.9' ],
101 silly audit   '@babel/parser': [ '7.29.2' ],
101 silly audit   '@babel/plugin-proposal-decorators': [ '7.29.0' ],
101 silly audit   '@babel/plugin-proposal-export-default-from': [ '7.27.1' ],
101 silly audit   '@babel/plugin-syntax-async-generators': [ '7.8.4' ],
101 silly audit   '@babel/plugin-syntax-bigint': [ '7.8.3' ],
101 silly audit   '@babel/plugin-syntax-class-properties': [ '7.12.13' ],
101 silly audit   '@babel/plugin-syntax-class-static-block': [ '7.14.5' ],
101 silly audit   '@babel/plugin-syntax-decorators': [ '7.28.6' ],
101 silly audit   '@babel/plugin-syntax-dynamic-import': [ '7.8.3' ],
101 silly audit   '@babel/plugin-syntax-export-default-from': [ '7.28.6' ],
101 silly audit   '@babel/plugin-syntax-flow': [ '7.28.6' ],
101 silly audit   '@babel/plugin-syntax-import-attributes': [ '7.28.6' ],
101 silly audit   '@babel/plugin-syntax-import-meta': [ '7.10.4' ],
101 silly audit   '@babel/plugin-syntax-json-strings': [ '7.8.3' ],
101 silly audit   '@babel/plugin-syntax-jsx': [ '7.28.6' ],
101 silly audit   '@babel/plugin-syntax-logical-assignment-operators': [ '7.10.4' ],
101 silly audit   '@babel/plugin-syntax-nullish-coalescing-operator': [ '7.8.3' ],
101 silly audit   '@babel/plugin-syntax-numeric-separator': [ '7.10.4' ],
101 silly audit   '@babel/plugin-syntax-object-rest-spread': [ '7.8.3' ],
101 silly audit   '@babel/plugin-syntax-optional-catch-binding': [ '7.8.3' ],
101 silly audit   '@babel/plugin-syntax-optional-chaining': [ '7.8.3' ],
101 silly audit   '@babel/plugin-syntax-private-property-in-object': [ '7.14.5' ],
101 silly audit   '@babel/plugin-syntax-top-level-await': [ '7.14.5' ],
101 silly audit   '@babel/plugin-syntax-typescript': [ '7.28.6' ],
101 silly audit   '@babel/plugin-transform-arrow-functions': [ '7.27.1' ],
101 silly audit   '@babel/plugin-transform-async-generator-functions': [ '7.29.0' ],
101 silly audit   '@babel/plugin-transform-async-to-generator': [ '7.28.6' ],
101 silly audit   '@babel/plugin-transform-block-scoping': [ '7.28.6' ],
101 silly audit   '@babel/plugin-transform-class-properties': [ '7.28.6' ],
101 silly audit   '@babel/plugin-transform-class-static-block': [ '7.28.6' ],
101 silly audit   '@babel/plugin-transform-classes': [ '7.28.6' ],
101 silly audit   '@babel/plugin-transform-computed-properties': [ '7.28.6' ],
101 silly audit   '@babel/plugin-transform-destructuring': [ '7.28.5' ],
101 silly audit   '@babel/plugin-transform-export-namespace-from': [ '7.27.1' ],
101 silly audit   '@babel/plugin-transform-flow-strip-types': [ '7.27.1' ],
101 silly audit   '@babel/plugin-transform-for-of': [ '7.27.1' ],
101 silly audit   '@babel/plugin-transform-function-name': [ '7.27.1' ],
101 silly audit   '@babel/plugin-transform-literals': [ '7.27.1' ],
101 silly audit   '@babel/plugin-transform-logical-assignment-operators': [ '7.28.6' ],
101 silly audit   '@babel/plugin-transform-modules-commonjs': [ '7.28.6' ],
101 silly audit   '@babel/plugin-transform-named-capturing-groups-regex': [ '7.29.0' ],
101 silly audit   '@babel/plugin-transform-nullish-coalescing-operator': [ '7.28.6' ],
101 silly audit   '@babel/plugin-transform-numeric-separator': [ '7.28.6' ],
101 silly audit   '@babel/plugin-transform-object-rest-spread': [ '7.28.6' ],
101 silly audit   '@babel/plugin-transform-optional-catch-binding': [ '7.28.6' ],
101 silly audit   '@babel/plugin-transform-optional-chaining': [ '7.28.6' ],
101 silly audit   '@babel/plugin-transform-parameters': [ '7.27.7' ],
101 silly audit   '@babel/plugin-transform-private-methods': [ '7.28.6' ],
101 silly audit   '@babel/plugin-transform-private-property-in-object': [ '7.28.6' ],
101 silly audit   '@babel/plugin-transform-react-display-name': [ '7.28.0' ],
101 silly audit   '@babel/plugin-transform-react-jsx': [ '7.28.6' ],
101 silly audit   '@babel/plugin-transform-react-jsx-development': [ '7.27.1' ],
101 silly audit   '@babel/plugin-transform-react-jsx-self': [ '7.27.1' ],
101 silly audit   '@babel/plugin-transform-react-jsx-source': [ '7.27.1' ],
101 silly audit   '@babel/plugin-transform-react-pure-annotations': [ '7.27.1' ],
101 silly audit   '@babel/plugin-transform-regenerator': [ '7.29.0' ],
101 silly audit   '@babel/plugin-transform-runtime': [ '7.29.0' ],
101 silly audit   '@babel/plugin-transform-shorthand-properties': [ '7.27.1' ],
101 silly audit   '@babel/plugin-transform-spread': [ '7.28.6' ],
101 silly audit   '@babel/plugin-transform-sticky-regex': [ '7.27.1' ],
101 silly audit   '@babel/plugin-transform-typescript': [ '7.28.6' ],
101 silly audit   '@babel/plugin-transform-unicode-regex': [ '7.27.1' ],
101 silly audit   '@babel/preset-react': [ '7.28.5' ],
101 silly audit   '@babel/preset-typescript': [ '7.28.5' ],
101 silly audit   '@babel/runtime': [ '7.29.2' ],
101 silly audit   '@babel/template': [ '7.28.6' ],
101 silly audit   '@babel/traverse': [ '7.29.0' ],
101 silly audit   '@babel/types': [ '7.29.0' ],
101 silly audit   '@expo-google-fonts/playfair-display': [ '0.4.2' ],
101 silly audit   '@expo-google-fonts/poppins': [ '0.4.1' ],
101 silly audit   '@expo/code-signing-certificates': [ '0.0.6' ],
101 silly audit   '@expo/config': [ '12.0.13' ],
101 silly audit   '@expo/config-plugins': [ '54.0.4' ],
101 silly audit   'ansi-styles': [ '4.3.0', '3.2.1', '5.2.0' ],
101 silly audit   chalk: [ '4.1.2', '2.4.2' ],
101 silly audit   'has-flag': [ '4.0.0', '3.0.0' ],
101 silly audit   'supports-color': [ '7.2.0', '8.1.1', '5.5.0' ],
101 silly audit   '@expo/config-types': [ '54.0.10' ],
101 silly audit   '@expo/devcert': [ '1.2.1' ],
101 silly audit   debug: [ '3.2.7', '2.6.9', '4.4.3' ],
101 silly audit   '@expo/devtools': [ '0.1.8' ],
101 silly audit   '@expo/env': [ '2.0.11' ],
101 silly audit   '@expo/fingerprint': [ '0.15.4' ],
101 silly audit   '@expo/image-utils': [ '0.8.12' ],
101 silly audit   '@expo/json-file': [ '10.0.12' ],
101 silly audit   '@expo/metro': [ '54.2.0' ],
101 silly audit   '@expo/osascript': [ '2.4.2' ],
101 silly audit   '@expo/package-manager': [ '1.10.3' ],
101 silly audit   '@expo/plist': [ '0.4.8' ],
101 silly audit   '@expo/schema-utils': [ '0.1.8' ],
101 silly audit   '@expo/sdk-runtime-versions': [ '1.0.0' ],
101 silly audit   '@expo/spawn-async': [ '1.7.2' ],
101 silly audit   '@expo/sudo-prompt': [ '9.3.2' ],
101 silly audit   '@expo/ws-tunnel': [ '1.0.6' ],
101 silly audit   '@expo/xcpretty': [ '4.4.1' ],
101 silly audit   argparse: [ '2.0.1', '1.0.10' ],
101 silly audit   'js-yaml': [ '4.1.1', '3.14.2' ],
101 silly audit   '@isaacs/fs-minipass': [ '4.0.1' ],
101 silly audit   '@isaacs/ttlcache': [ '1.4.1' ],
101 silly audit   '@istanbuljs/load-nyc-config': [ '1.1.0' ],
101 silly audit   camelcase: [ '5.3.1', '6.3.0' ],
101 silly audit   '@istanbuljs/schema': [ '0.1.3' ],
101 silly audit   '@jest/create-cache-key-function': [ '29.7.0' ],
101 silly audit   '@jest/environment': [ '29.7.0' ],
101 silly audit   '@jest/fake-timers': [ '29.7.0' ],
101 silly audit   '@jest/schemas': [ '29.6.3' ],
101 silly audit   '@jest/transform': [ '29.7.0' ],
101 silly audit   '@jest/types': [ '29.6.3' ],
101 silly audit   '@jridgewell/gen-mapping': [ '0.3.13' ],
101 silly audit   '@jridgewell/remapping': [ '2.3.5' ],
101 silly audit   '@jridgewell/resolve-uri': [ '3.1.2' ],
101 silly audit   '@jridgewell/source-map': [ '0.3.11' ],
101 silly audit   '@jridgewell/sourcemap-codec': [ '1.5.5' ],
101 silly audit   '@jridgewell/trace-mapping': [ '0.3.31' ],
101 silly audit   '@react-native-async-storage/async-storage': [ '2.2.0' ],
101 silly audit   '@react-native/assets-registry': [ '0.81.5' ],
101 silly audit   '@react-native/babel-plugin-codegen': [ '0.81.5' ],
101 silly audit   '@react-native/babel-preset': [ '0.81.5' ],
101 silly audit   '@react-native/codegen': [ '0.81.5' ],
101 silly audit   'brace-expansion': [ '1.1.12', '2.0.2', '5.0.5' ],
101 silly audit   glob: [ '7.2.3', '13.0.6' ],
101 silly audit   'hermes-estree': [ '0.29.1', '0.32.0' ],
101 silly audit   'hermes-parser': [ '0.29.1', '0.32.0' ],
101 silly audit   minimatch: [ '3.1.5', '10.2.4', '9.0.9' ],
101 silly audit   '@react-native/community-cli-plugin': [ '0.81.5' ],
101 silly audit   '@react-native/debugger-frontend': [ '0.81.5' ],
101 silly audit   '@react-native/dev-middleware': [ '0.81.5' ],
101 silly audit   ws: [ '6.2.3', '8.20.0', '7.5.10' ],
101 silly audit   '@react-native/gradle-plugin': [ '0.81.5' ],
101 silly audit   '@react-native/js-polyfills': [ '0.81.5' ],
101 silly audit   '@react-native/normalize-colors': [ '0.81.5' ],
101 silly audit   '@react-navigation/bottom-tabs': [ '6.6.1' ],
101 silly audit   '@react-navigation/core': [ '6.4.17' ],
101 silly audit   '@react-navigation/elements': [ '1.3.31' ],
101 silly audit   '@react-navigation/native': [ '6.1.18' ],
101 silly audit   '@react-navigation/native-stack': [ '6.11.0' ],
101 silly audit   '@react-navigation/routers': [ '6.1.9' ],
101 silly audit   '@sinclair/typebox': [ '0.27.10' ],
101 silly audit   '@sinonjs/commons': [ '3.0.1' ],
101 silly audit   '@sinonjs/fake-timers': [ '10.3.0' ],
101 silly audit   '@types/babel__core': [ '7.20.5' ],
101 silly audit   '@types/babel__generator': [ '7.27.0' ],
101 silly audit   '@types/babel__template': [ '7.4.4' ],
101 silly audit   '@types/babel__traverse': [ '7.28.0' ],
101 silly audit   '@types/graceful-fs': [ '4.1.9' ],
101 silly audit   '@types/istanbul-lib-coverage': [ '2.0.6' ],
101 silly audit   '@types/istanbul-lib-report': [ '3.0.3' ],
101 silly audit   '@types/istanbul-reports': [ '3.0.4' ],
101 silly audit   '@types/node': [ '25.5.0' ],
101 silly audit   '@types/stack-utils': [ '2.0.3' ],
101 silly audit   '@types/yargs': [ '17.0.35' ],
101 silly audit   '@types/yargs-parser': [ '21.0.3' ],
101 silly audit   '@ungap/structured-clone': [ '1.3.0' ],
101 silly audit   '@urql/core': [ '5.2.0' ],
101 silly audit   '@urql/exchange-retry': [ '1.3.2' ],
101 silly audit   '@xmldom/xmldom': [ '0.8.11' ],
101 silly audit   'abort-controller': [ '3.0.0' ],
101 silly audit   accepts: [ '1.3.8' ],
101 silly audit   acorn: [ '8.16.0' ],
101 silly audit   'agent-base': [ '7.1.4' ],
101 silly audit   anser: [ '1.4.10' ],
101 silly audit   'ansi-escapes': [ '4.3.2' ],
101 silly audit   'type-fest': [ '0.21.3', '0.7.1' ],
101 silly audit   'ansi-regex': [ '5.0.1', '4.1.1' ],
101 silly audit   'color-convert': [ '1.9.3', '2.0.1' ],
101 silly audit   'color-name': [ '1.1.3', '1.1.4' ],
101 silly audit   'any-promise': [ '1.3.0' ],
101 silly audit   anymatch: [ '3.1.3' ],
101 silly audit   arg: [ '5.0.2' ],
101 silly audit   asap: [ '2.0.6' ],
101 silly audit   'async-limiter': [ '1.0.1' ],
101 silly audit   asynckit: [ '0.4.0' ],
101 silly audit   axios: [ '1.13.6' ],
101 silly audit   'babel-jest': [ '29.7.0' ],
101 silly audit   'babel-plugin-istanbul': [ '6.1.1' ],
101 silly audit   'babel-plugin-jest-hoist': [ '29.6.3' ],
101 silly audit   'babel-plugin-polyfill-corejs2': [ '0.4.17' ],
101 silly audit   'babel-plugin-polyfill-corejs3': [ '0.13.0' ],
101 silly audit   'babel-plugin-polyfill-regenerator': [ '0.6.8' ],
101 silly audit   'babel-plugin-react-compiler': [ '1.0.0' ],
101 silly audit   'babel-plugin-react-native-web': [ '0.21.2' ],
101 silly audit   'babel-plugin-syntax-hermes-parser': [ '0.29.1' ],
101 silly audit   'babel-plugin-transform-flow-enums': [ '0.0.2' ],
101 silly audit   'babel-preset-current-node-syntax': [ '1.2.0' ],
101 silly audit   'babel-preset-jest': [ '29.6.3' ],
101 silly audit   'balanced-match': [ '1.0.2', '4.0.4' ],
101 silly audit   'base64-js': [ '1.5.1' ],
101 silly audit   'baseline-browser-mapping': [ '2.10.10' ],
101 silly audit   'better-opn': [ '3.0.2' ],
101 silly audit   open: [ '8.4.2', '7.4.2' ],
101 silly audit   'big-integer': [ '1.6.52' ],
101 silly audit   'bplist-creator': [ '0.1.0' ],
101 silly audit   'bplist-parser': [ '0.3.1' ],
101 silly audit   braces: [ '3.0.3' ],
101 silly audit   browserslist: [ '4.28.1' ],
101 silly audit   bser: [ '2.1.1' ],
101 silly audit   buffer: [ '5.7.1' ],
101 silly audit   'buffer-from': [ '1.1.2' ],
101 silly audit   bytes: [ '3.1.2' ],
101 silly audit   'call-bind-apply-helpers': [ '1.0.2' ],
101 silly audit   'caniuse-lite': [ '1.0.30001781' ],
101 silly audit   'escape-string-regexp': [ '1.0.5', '4.0.0', '2.0.0' ],
101 silly audit   chownr: [ '3.0.0' ],
101 silly audit   'chrome-launcher': [ '0.15.2' ],
101 silly audit   'chromium-edge-launcher': [ '0.2.0' ],
101 silly audit   'ci-info': [ '2.0.0', '3.9.0' ],
101 silly audit   'cli-cursor': [ '2.1.0' ],
101 silly audit   'cli-spinners': [ '2.9.2' ],
101 silly audit   cliui: [ '8.0.1' ],
101 silly audit   clone: [ '1.0.4' ],
101 silly audit   color: [ '4.2.3' ],
101 silly audit   'color-string': [ '1.9.1' ],
101 silly audit   'combined-stream': [ '1.0.8' ],
101 silly audit   commander: [ '7.2.0', '12.1.0', '4.1.1', '2.20.3' ],
101 silly audit   compressible: [ '2.0.18' ],
101 silly audit   compression: [ '1.8.1' ],
101 silly audit   ms: [ '2.0.0', '2.1.3' ],
101 silly audit   negotiator: [ '0.6.4', '0.6.3' ],
101 silly audit   'concat-map': [ '0.0.1' ],
101 silly audit   connect: [ '3.7.0' ],
101 silly audit   'convert-source-map': [ '2.0.0' ],
101 silly audit   'core-js-compat': [ '3.49.0' ],
101 silly audit   'cross-spawn': [ '7.0.6' ],
101 silly audit   'decode-uri-component': [ '0.2.2' ],
101 silly audit   'deep-extend': [ '0.6.0' ],
101 silly audit   deepmerge: [ '4.3.1' ],
101 silly audit   defaults: [ '1.0.4' ],
101 silly audit   'define-lazy-prop': [ '2.0.0' ],
101 silly audit   'delayed-stream': [ '1.0.0' ],
101 silly audit   depd: [ '2.0.0' ],
101 silly audit   destroy: [ '1.2.0' ],
101 silly audit   'detect-libc': [ '2.1.2' ],
101 silly audit   dotenv: [ '16.4.7' ],
101 silly audit   'dotenv-expand': [ '11.0.7' ],
101 silly audit   'dunder-proto': [ '1.0.1' ],
101 silly audit   'ee-first': [ '1.1.1' ],
101 silly audit   'electron-to-chromium': [ '1.5.322' ],
101 silly audit   'emoji-regex': [ '8.0.0' ],
101 silly audit   encodeurl: [ '1.0.2', '2.0.0' ],
101 silly audit   'env-editor': [ '0.4.2' ],
101 silly audit   'error-stack-parser': [ '2.1.4' ],
101 silly audit   'es-define-property': [ '1.0.1' ],
101 silly audit   'es-errors': [ '1.3.0' ],
101 silly audit   'es-object-atoms': [ '1.1.1' ],
101 silly audit   'es-set-tostringtag': [ '2.1.0' ],
101 silly audit   escalade: [ '3.2.0' ],
101 silly audit   'escape-html': [ '1.0.3' ],
101 silly audit   esprima: [ '4.0.1' ],
101 silly audit   etag: [ '1.8.1' ],
101 silly audit   'event-target-shim': [ '5.0.1' ],
101 silly audit   expo: [ '54.0.33' ],
101 silly audit   'expo-asset': [ '12.0.12' ],
101 silly audit   'expo-constants': [ '18.0.13' ],
101 silly audit   'expo-font': [ '55.0.6', '14.0.11' ],
101 silly audit   'expo-image-loader': [ '6.0.0' ],
101 silly audit   'expo-image-picker': [ '17.0.10' ],
101 silly audit   'expo-modules-autolinking': [ '3.0.24' ],
101 silly audit   'expo-modules-core': [ '3.0.29' ],
101 silly audit   'expo-server': [ '1.0.5' ],
101 silly audit   'expo-status-bar': [ '3.0.9' ],
101 silly audit   '@expo/cli': [ '54.0.23' ],
101 silly audit   '@expo/prebuild-config': [ '54.0.8' ],
101 silly audit   '@expo/metro-config': [ '54.0.14' ],
101 silly audit   '@expo/vector-icons': [ '15.1.1' ],
101 silly audit   'babel-preset-expo': [ '54.0.10' ],
101 silly audit   'expo-file-system': [ '19.0.21' ],
101 silly audit   'expo-keep-awake': [ '15.0.8' ],
101 silly audit   picomatch: [ '3.0.2', '2.3.2', '4.0.4' ],
101 silly audit   'exponential-backoff': [ '3.1.3' ],
101 silly audit   'fast-deep-equal': [ '3.1.3' ],
101 silly audit   'fast-json-stable-stringify': [ '2.1.0' ],
101 silly audit   'fb-watchman': [ '2.0.2' ],
101 silly audit   'fill-range': [ '7.1.1' ],
101 silly audit   'filter-obj': [ '1.1.0' ],
101 silly audit   finalhandler: [ '1.1.2' ],
101 silly audit   'find-up': [ '4.1.0' ],
101 silly audit   'flow-enums-runtime': [ '0.0.6' ],
101 silly audit   'follow-redirects': [ '1.15.11' ],
101 silly audit   fontfaceobserver: [ '2.3.0' ],
101 silly audit   'form-data': [ '4.0.5' ],
101 silly audit   'freeport-async': [ '2.0.0' ],
101 silly audit   fresh: [ '0.5.2' ],
101 silly audit   'fs.realpath': [ '1.0.0' ],
101 silly audit   fsevents: [ '2.3.3' ],
101 silly audit   'function-bind': [ '1.1.2' ],
101 silly audit   gensync: [ '1.0.0-beta.2' ],
101 silly audit   'get-caller-file': [ '2.0.5' ],
101 silly audit   'get-intrinsic': [ '1.3.0' ],
101 silly audit   'get-package-type': [ '0.1.0' ],
101 silly audit   'get-proto': [ '1.0.1' ],
101 silly audit   getenv: [ '2.0.0' ],
101 silly audit   gopd: [ '1.2.0' ],
101 silly audit   'graceful-fs': [ '4.2.11' ],
101 silly audit   'has-symbols': [ '1.1.0' ],
101 silly audit   'has-tostringtag': [ '1.0.2' ],
101 silly audit   hasown: [ '2.0.2' ],
101 silly audit   'hosted-git-info': [ '7.0.2' ],
101 silly audit   'lru-cache': [ '10.4.3', '5.1.1', '11.2.7' ],
101 silly audit   'http-errors': [ '2.0.1' ],
101 silly audit   statuses: [ '2.0.2', '1.5.0' ],
101 silly audit   'https-proxy-agent': [ '7.0.6' ],
101 silly audit   ieee754: [ '1.2.1' ],
101 silly audit   ignore: [ '5.3.2' ],
101 silly audit   'image-size': [ '1.2.1' ],
101 silly audit   imurmurhash: [ '0.1.4' ],
101 silly audit   inflight: [ '1.0.6' ],
101 silly audit   inherits: [ '2.0.4' ],
101 silly audit   ini: [ '1.3.8' ],
101 silly audit   invariant: [ '2.2.4' ],
101 silly audit   'is-arrayish': [ '0.3.4' ],
101 silly audit   'is-core-module': [ '2.16.1' ],
101 silly audit   'is-docker': [ '2.2.1' ],
101 silly audit   'is-fullwidth-code-point': [ '3.0.0' ],
101 silly audit   'is-number': [ '7.0.0' ],
101 silly audit   'is-plain-obj': [ '2.1.0' ],
101 silly audit   'is-wsl': [ '2.2.0' ],
101 silly audit   isexe: [ '2.0.0' ],
101 silly audit   'istanbul-lib-coverage': [ '3.2.2' ],
101 silly audit   'istanbul-lib-instrument': [ '5.2.1' ],
101 silly audit   'jest-environment-node': [ '29.7.0' ],
101 silly audit   'jest-get-type': [ '29.6.3' ],
101 silly audit   'jest-haste-map': [ '29.7.0' ],
101 silly audit   'jest-message-util': [ '29.7.0' ],
101 silly audit   'jest-mock': [ '29.7.0' ],
101 silly audit   'jest-regex-util': [ '29.6.3' ],
101 silly audit   'jest-util': [ '29.7.0' ],
101 silly audit   'jest-validate': [ '29.7.0' ],
101 silly audit   'jest-worker': [ '29.7.0' ],
101 silly audit   'jimp-compact': [ '0.16.1' ],
101 silly audit   'js-tokens': [ '4.0.0' ],
101 silly audit   'jsc-safe-url': [ '0.2.4' ],
101 silly audit   jsesc: [ '3.1.0' ],
101 silly audit   json5: [ '2.2.3' ],
101 silly audit   kleur: [ '3.0.3' ],
101 silly audit   'lan-network': [ '0.1.7' ],
101 silly audit   leven: [ '3.1.0' ],
101 silly audit   'lighthouse-logger': [ '1.4.2' ],
101 silly audit   lightningcss: [ '1.32.0' ],
101 silly audit   'lightningcss-android-arm64': [ '1.32.0' ],
101 silly audit   'lightningcss-darwin-arm64': [ '1.32.0' ],
101 silly audit   'lightningcss-darwin-x64': [ '1.32.0' ],
101 silly audit   'lightningcss-freebsd-x64': [ '1.32.0' ],
101 silly audit   'lightningcss-linux-arm-gnueabihf': [ '1.32.0' ],
101 silly audit   'lightningcss-linux-arm64-gnu': [ '1.32.0' ],
101 silly audit   'lightningcss-linux-arm64-musl': [ '1.32.0' ],
101 silly audit   'lightningcss-linux-x64-gnu': [ '1.32.0' ],
101 silly audit   'lightningcss-linux-x64-musl': [ '1.32.0' ],
101 silly audit   'lightningcss-win32-arm64-msvc': [ '1.32.0' ],
101 silly audit   'lightningcss-win32-x64-msvc': [ '1.32.0' ],
101 silly audit   'lines-and-columns': [ '1.2.4' ],
101 silly audit   'locate-path': [ '5.0.0' ],
101 silly audit   'lodash.debounce': [ '4.0.8' ],
101 silly audit   'lodash.throttle': [ '4.1.1' ],
101 silly audit   'log-symbols': [ '2.2.0' ],
101 silly audit   'loose-envify': [ '1.4.0' ],
101 silly audit   makeerror: [ '1.0.12' ],
101 silly audit   marky: [ '1.3.0' ],
101 silly audit   'math-intrinsics': [ '1.1.0' ],
101 silly audit   'memoize-one': [ '5.2.1' ],
101 silly audit   'merge-options': [ '3.0.4' ],
101 silly audit   'merge-stream': [ '2.0.0' ],
101 silly audit   metro: [ '0.83.3' ],
101 silly audit   'metro-babel-transformer': [ '0.83.3' ],
101 silly audit   'metro-cache': [ '0.83.3' ],
101 silly audit   'metro-cache-key': [ '0.83.3' ],
101 silly audit   'metro-config': [ '0.83.3' ],
101 silly audit   'metro-core': [ '0.83.3' ],
101 silly audit   'metro-file-map': [ '0.83.3' ],
101 silly audit   'metro-minify-terser': [ '0.83.3' ],
101 silly audit   'metro-resolver': [ '0.83.3' ],
101 silly audit   'metro-runtime': [ '0.83.3' ],
101 silly audit   'metro-source-map': [ '0.83.3' ],
101 silly audit   'metro-symbolicate': [ '0.83.3' ],
101 silly audit   'metro-transform-plugins': [ '0.83.3' ],
101 silly audit   'metro-transform-worker': [ '0.83.3' ],
101 silly audit   micromatch: [ '4.0.8' ],
101 silly audit   mime: [ '1.6.0' ],
101 silly audit   'mime-db': [ '1.52.0' ],
101 silly audit   'mime-types': [ '2.1.35' ],
101 silly audit   'mimic-fn': [ '1.2.0' ],
101 silly audit   minimist: [ '1.2.8' ],
101 silly audit   minipass: [ '7.1.3' ],
101 silly audit   minizlib: [ '3.1.0' ],
101 silly audit   mkdirp: [ '1.0.4' ],
101 silly audit   mz: [ '2.7.0' ],
101 silly audit   nanoid: [ '3.3.11' ],
101 silly audit   'nested-error-stacks': [ '2.0.1' ],
101 silly audit   'node-forge': [ '1.3.3' ],
101 silly audit   'node-int64': [ '0.4.0' ],
101 silly audit   'node-releases': [ '2.0.36' ],
101 silly audit   'normalize-path': [ '3.0.0' ],
101 silly audit   'npm-package-arg': [ '11.0.3' ],
101 silly audit   nullthrows: [ '1.1.1' ],
101 silly audit   ob1: [ '0.83.3' ],
101 silly audit   'object-assign': [ '4.1.1' ],
101 silly audit   'on-finished': [ '2.3.0', '2.4.1' ],
101 silly audit   'on-headers': [ '1.1.0' ],
101 silly audit   once: [ '1.4.0' ],
101 silly audit   onetime: [ '2.0.1' ],
101 silly audit   ora: [ '3.4.0' ],
101 silly audit   'strip-ansi': [ '5.2.0', '6.0.1' ],
101 silly audit   'p-limit': [ '3.1.0', '2.3.0' ],
101 silly audit   'p-locate': [ '4.1.0' ],
101 silly audit   'p-try': [ '2.2.0' ],
101 silly audit   'parse-png': [ '2.1.0' ],
101 silly audit   parseurl: [ '1.3.3' ],
101 silly audit   'path-exists': [ '4.0.0' ],
101 silly audit   'path-is-absolute': [ '1.0.1' ],
101 silly audit   'path-key': [ '3.1.1' ],
101 silly audit   'path-parse': [ '1.0.7' ],
101 silly audit   'path-scurry': [ '2.0.2' ],
101 silly audit   picocolors: [ '1.1.1' ],
101 silly audit   pirates: [ '4.0.7' ],
101 silly audit   plist: [ '3.1.0' ],
101 silly audit   pngjs: [ '3.4.0' ],
101 silly audit   postcss: [ '8.4.49' ],
101 silly audit   'pretty-bytes': [ '5.6.0' ],
101 silly audit   'pretty-format': [ '29.7.0' ],
101 silly audit   'react-is': [ '18.3.1', '16.13.1' ],
101 silly audit   'proc-log': [ '4.2.0' ],
101 silly audit   progress: [ '2.0.3' ],
101 silly audit   promise: [ '8.3.0' ],
101 silly audit   prompts: [ '2.4.2' ],
101 silly audit   'proxy-from-env': [ '1.1.0' ],
101 silly audit   punycode: [ '2.3.1' ],
101 silly audit   'qrcode-terminal': [ '0.11.0' ],
101 silly audit   'query-string': [ '7.1.3' ],
101 silly audit   queue: [ '6.0.2' ],
101 silly audit   'range-parser': [ '1.2.1' ],
101 silly audit   rc: [ '1.2.8' ],
101 silly audit   react: [ '19.1.0' ],
101 silly audit   'react-devtools-core': [ '6.1.5' ],
101 silly audit   'react-freeze': [ '1.0.4' ],
101 silly audit   'react-hook-form': [ '7.72.0' ],
101 silly audit   'react-native': [ '0.81.5' ],
101 silly audit   'react-native-is-edge-to-edge': [ '1.3.1' ],
101 silly audit   'react-native-safe-area-context': [ '5.6.2' ],
101 silly audit   'react-native-screens': [ '4.16.0' ],
101 silly audit   '@react-native/virtualized-lists': [ '0.81.5' ],
101 silly audit   'react-refresh': [ '0.14.2' ],
101 silly audit   regenerate: [ '1.4.2' ],
101 silly audit   'regenerate-unicode-properties': [ '10.2.2' ],
101 silly audit   'regenerator-runtime': [ '0.13.11' ],
101 silly audit   'regexpu-core': [ '6.4.0' ],
101 silly audit   regjsgen: [ '0.8.0' ],
101 silly audit   regjsparser: [ '0.13.0' ],
101 silly audit   'require-directory': [ '2.1.1' ],
101 silly audit   'require-from-string': [ '2.0.2' ],
101 silly audit   requireg: [ '0.2.2' ],
101 silly audit   resolve: [ '1.7.1', '1.22.11' ],
101 silly audit   'resolve-from': [ '5.0.0' ],
101 silly audit   'resolve-workspace-root': [ '2.0.1' ],
101 silly audit   'resolve.exports': [ '2.0.3' ],
101 silly audit   'restore-cursor': [ '2.0.0' ],
101 silly audit   rimraf: [ '3.0.2' ],
101 silly audit   'safe-buffer': [ '5.2.1' ],
101 silly audit   sax: [ '1.6.0' ],
101 silly audit   scheduler: [ '0.26.0' ],
101 silly audit   send: [ '0.19.2' ],
101 silly audit   'serialize-error': [ '2.1.0' ],
101 silly audit   'serve-static': [ '1.16.3' ],
101 silly audit   setprototypeof: [ '1.2.0' ],
101 silly audit   'shebang-command': [ '2.0.0' ],
101 silly audit   'shebang-regex': [ '3.0.0' ],
101 silly audit   'shell-quote': [ '1.8.3' ],
101 silly audit   'signal-exit': [ '3.0.7' ],
101 silly audit   'simple-plist': [ '1.3.1' ],
101 silly audit   'simple-swizzle': [ '0.2.4' ],
101 silly audit   sisteransi: [ '1.0.5' ],
101 silly audit   slash: [ '3.0.0' ],
101 silly audit   slugify: [ '1.6.8' ],
101 silly audit   'source-map': [ '0.5.7', '0.6.1' ],
101 silly audit   'source-map-js': [ '1.2.1' ],
101 silly audit   'source-map-support': [ '0.5.21' ],
101 silly audit   'split-on-first': [ '1.1.0' ],
101 silly audit   'sprintf-js': [ '1.0.3' ],
101 silly audit   'stack-utils': [ '2.0.6' ],
101 silly audit   stackframe: [ '1.3.4' ],
101 silly audit   'stacktrace-parser': [ '0.1.11' ],
101 silly audit   'stream-buffers': [ '2.2.0' ],
101 silly audit   'strict-uri-encode': [ '2.0.0' ],
101 silly audit   'string-width': [ '4.2.3' ],
101 silly audit   'strip-json-comments': [ '2.0.1' ],
101 silly audit   'structured-headers': [ '0.4.1' ],
101 silly audit   sucrase: [ '3.35.1' ],
101 silly audit   'supports-hyperlinks': [ '2.3.0' ],
101 silly audit   'supports-preserve-symlinks-flag': [ '1.0.0' ],
101 silly audit   tar: [ '7.5.13' ],
101 silly audit   yallist: [ '5.0.0', '3.1.1' ],
101 silly audit   'terminal-link': [ '2.1.1' ],
101 silly audit   terser: [ '5.46.1' ],
101 silly audit   'test-exclude': [ '6.0.0' ],
101 silly audit   thenify: [ '3.3.1' ],
101 silly audit   'thenify-all': [ '1.6.0' ],
101 silly audit   throat: [ '5.0.0' ],
101 silly audit   tinyglobby: [ '0.2.15' ],
101 silly audit   fdir: [ '6.5.0' ],
101 silly audit   tmpl: [ '1.0.5' ],
101 silly audit   'to-regex-range': [ '5.0.1' ],
101 silly audit   toidentifier: [ '1.0.1' ],
101 silly audit   'ts-interface-checker': [ '0.1.13' ],
101 silly audit   'type-detect': [ '4.0.8' ],
101 silly audit   undici: [ '6.24.1' ],
101 silly audit   'undici-types': [ '7.18.2' ],
101 silly audit   'unicode-canonical-property-names-ecmascript': [ '2.0.1' ],
101 silly audit   'unicode-match-property-ecmascript': [ '2.0.0' ],
101 silly audit   'unicode-match-property-value-ecmascript': [ '2.2.1' ],
101 silly audit   'unicode-property-aliases-ecmascript': [ '2.2.0' ],
101 silly audit   unpipe: [ '1.0.0' ],
101 silly audit   'update-browserslist-db': [ '1.2.3' ],
101 silly audit   'use-latest-callback': [ '0.2.6' ],
101 silly audit   'utils-merge': [ '1.0.1' ],
101 silly audit   uuid: [ '7.0.3' ],
101 silly audit   'validate-npm-package-name': [ '5.0.1' ],
101 silly audit   vary: [ '1.1.2' ],
101 silly audit   vlq: [ '1.0.1' ],
101 silly audit   walker: [ '1.0.8' ],
101 silly audit   'warn-once': [ '0.1.1' ],
101 silly audit   wcwidth: [ '1.0.1' ],
101 silly audit   'webidl-conversions': [ '5.0.0' ],
101 silly audit   'whatwg-fetch': [ '3.6.20' ],
101 silly audit   'whatwg-url-without-unicode': [ '8.0.0-3' ],
101 silly audit   which: [ '2.0.2' ],
101 silly audit   wonka: [ '6.3.6' ],
101 silly audit   'wrap-ansi': [ '7.0.0' ],
101 silly audit   wrappy: [ '1.0.2' ],
101 silly audit   'write-file-atomic': [ '4.0.2' ],
101 silly audit   xcode: [ '3.0.1' ],
101 silly audit   xml2js: [ '0.6.0' ],
101 silly audit   xmlbuilder: [ '11.0.1', '15.1.1' ],
101 silly audit   y18n: [ '5.0.8' ],
101 silly audit   yaml: [ '2.8.3' ],
101 silly audit   yargs: [ '17.7.2' ],
101 silly audit   'yargs-parser': [ '21.1.1' ],
101 silly audit   'yocto-queue': [ '0.1.0' ],
101 silly audit   'expo-auth-session': [ '7.0.10' ],
101 silly audit   'expo-web-browser': [ '15.0.10' ],
101 silly audit   'expo-application': [ '7.0.8' ],
101 silly audit   'expo-crypto': [ '15.0.8' ],
101 silly audit   'expo-linking': [ '8.0.11' ]
101 silly audit }
102 http cache expo-linking@https://registry.npmjs.org/expo-linking/-/expo-linking-8.0.11.tgz 0ms (cache hit)
103 http cache expo-web-browser@https://registry.npmjs.org/expo-web-browser/-/expo-web-browser-15.0.10.tgz 0ms (cache hit)
104 http cache expo-auth-session@https://registry.npmjs.org/expo-auth-session/-/expo-auth-session-7.0.10.tgz 0ms (cache hit)
105 http cache expo-crypto@https://registry.npmjs.org/expo-crypto/-/expo-crypto-15.0.8.tgz 0ms (cache hit)
106 silly tarball no local data for expo-linking@https://registry.npmjs.org/expo-linking/-/expo-linking-8.0.11.tgz. Extracting by manifest.
107 http cache expo-application@https://registry.npmjs.org/expo-application/-/expo-application-7.0.8.tgz 0ms (cache hit)
108 silly tarball no local data for expo-web-browser@https://registry.npmjs.org/expo-web-browser/-/expo-web-browser-15.0.10.tgz. Extracting by manifest.
109 silly tarball no local data for expo-auth-session@https://registry.npmjs.org/expo-auth-session/-/expo-auth-session-7.0.10.tgz. Extracting by manifest.
110 silly tarball no local data for expo-crypto@https://registry.npmjs.org/expo-crypto/-/expo-crypto-15.0.8.tgz. Extracting by manifest.
111 silly tarball no local data for expo-application@https://registry.npmjs.org/expo-application/-/expo-application-7.0.8.tgz. Extracting by manifest.
112 http fetch POST 200 https://registry.npmjs.org/-/npm/v1/security/advisories/bulk 260ms
113 silly audit report {
113 silly audit report   'brace-expansion': [
113 silly audit report     {
113 silly audit report       id: 1115540,
113 silly audit report       url: 'https://github.com/advisories/GHSA-f886-m6hf-6m8v',
113 silly audit report       title: 'brace-expansion: Zero-step sequence causes process hang and memory exhaustion',
113 silly audit report       severity: 'moderate',
113 silly audit report       vulnerable_versions: '<1.1.13',
113 silly audit report       cwe: [Array],
113 silly audit report       cvss: [Object]
113 silly audit report     },
113 silly audit report     {
113 silly audit report       id: 1115541,
113 silly audit report       url: 'https://github.com/advisories/GHSA-f886-m6hf-6m8v',
113 silly audit report       title: 'brace-expansion: Zero-step sequence causes process hang and memory exhaustion',
113 silly audit report       severity: 'moderate',
113 silly audit report       vulnerable_versions: '>=2.0.0 <2.0.3',
113 silly audit report       cwe: [Array],
113 silly audit report       cvss: [Object]
113 silly audit report     }
113 silly audit report   ],
113 silly audit report   '@xmldom/xmldom': [
113 silly audit report     {
113 silly audit report       id: 1115997,
113 silly audit report       url: 'https://github.com/advisories/GHSA-wh4c-j3r5-mjhp',
113 silly audit report       title: 'xmldom: XML injection via unsafe CDATA serialization allows attacker-controlled markup insertion',
113 silly audit report       severity: 'high',
113 silly audit report       vulnerable_versions: '<0.8.12',
113 silly audit report       cwe: [Array],
113 silly audit report       cvss: [Object]
113 silly audit report     }
113 silly audit report   ],
113 silly audit report   axios: [
113 silly audit report     {
113 silly audit report       id: 1116673,
113 silly audit report       url: 'https://github.com/advisories/GHSA-3p68-rc4w-qgx5',
113 silly audit report       title: 'Axios has a NO_PROXY Hostname Normalization Bypass that Leads to SSRF',
113 silly audit report       severity: 'moderate',
113 silly audit report       vulnerable_versions: '>=1.0.0 <1.15.0',
113 silly audit report       cwe: [Array],
113 silly audit report       cvss: [Object]
113 silly audit report     },
113 silly audit report     {
113 silly audit report       id: 1116675,
113 silly audit report       url: 'https://github.com/advisories/GHSA-fvcv-3m26-pcqx',
113 silly audit report       title: 'Axios has Unrestricted Cloud Metadata Exfiltration via Header Injection Chain',
113 silly audit report       severity: 'moderate',
113 silly audit report       vulnerable_versions: '>=1.0.0 <1.15.0',
113 silly audit report       cwe: [Array],
113 silly audit report       cvss: [Object]
113 silly audit report     }
113 silly audit report   ],
113 silly audit report   'follow-redirects': [
113 silly audit report     {
113 silly audit report       id: 1116560,
113 silly audit report       url: 'https://github.com/advisories/GHSA-r4q5-vmmm-2653',
113 silly audit report       title: 'follow-redirects leaks Custom Authentication Headers to Cross-Domain Redirect Targets',
113 silly audit report       severity: 'moderate',
113 silly audit report       vulnerable_versions: '<=1.15.11',
113 silly audit report       cwe: [Array],
113 silly audit report       cvss: [Object]
113 silly audit report     }
113 silly audit report   ],
113 silly audit report   'node-forge': [
113 silly audit report     {
113 silly audit report       id: 1115545,
113 silly audit report       url: 'https://github.com/advisories/GHSA-2328-f5f3-gj25',
113 silly audit report       title: 'Forge has a basicConstraints bypass in its certificate chain verification (RFC 5280 violation)',
113 silly audit report       severity: 'high',
113 silly audit report       vulnerable_versions: '<=1.3.3',
113 silly audit report       cwe: [Array],
113 silly audit report       cvss: [Object]
113 silly audit report     },
113 silly audit report     {
113 silly audit report       id: 1115546,
113 silly audit report       url: 'https://github.com/advisories/GHSA-q67f-28xg-22rw',
113 silly audit report       title: 'Forge has signature forgery in Ed25519 due to missing S > L check',
113 silly audit report       severity: 'high',
113 silly audit report       vulnerable_versions: '<1.4.0',
113 silly audit report       cwe: [Array],
113 silly audit report       cvss: [Object]
113 silly audit report     },
113 silly audit report     {
113 silly audit report       id: 1115548,
113 silly audit report       url: 'https://github.com/advisories/GHSA-5m6q-g25r-mvwx',
113 silly audit report       title: 'Forge has Denial of Service via Infinite Loop in BigInteger.modInverse() with Zero Input',
113 silly audit report       severity: 'high',
113 silly audit report       vulnerable_versions: '<1.4.0',
113 silly audit report       cwe: [Array],
113 silly audit report       cvss: [Object]
113 silly audit report     },
113 silly audit report     {
113 silly audit report       id: 1115612,
113 silly audit report       url: 'https://github.com/advisories/GHSA-ppp5-5v6c-4jwp',
113 silly audit report       title: 'Forge has signature forgery in RSA-PKCS due to ASN.1 extra field  ',
113 silly audit report       severity: 'high',
113 silly audit report       vulnerable_versions: '<1.4.0',
113 silly audit report       cwe: [Array],
113 silly audit report       cvss: [Object]
113 silly audit report     }
113 silly audit report   ]
113 silly audit report }
114 silly packumentCache corgi:https://registry.npmjs.org/brace-expansion cache-miss
115 silly packumentCache corgi:https://registry.npmjs.org/@xmldom%2fxmldom cache-miss
116 silly packumentCache corgi:https://registry.npmjs.org/axios cache-miss
117 silly packumentCache corgi:https://registry.npmjs.org/follow-redirects cache-miss
118 silly packumentCache corgi:https://registry.npmjs.org/node-forge cache-miss
119 http fetch GET 200 https://registry.npmjs.org/brace-expansion 71ms (cache miss)
120 silly packumentCache corgi:https://registry.npmjs.org/brace-expansion set size:undefined disposed:false
121 http fetch GET 200 https://registry.npmjs.org/follow-redirects 111ms (cache miss)
122 silly packumentCache corgi:https://registry.npmjs.org/follow-redirects set size:undefined disposed:false
123 http fetch GET 200 https://registry.npmjs.org/node-forge 121ms (cache miss)
124 silly packumentCache corgi:https://registry.npmjs.org/node-forge set size:undefined disposed:false
125 http fetch GET 200 https://registry.npmjs.org/axios 161ms (cache miss)
126 silly packumentCache corgi:https://registry.npmjs.org/axios set size:undefined disposed:false
127 http fetch GET 200 https://registry.npmjs.org/expo-application/-/expo-application-7.0.8.tgz 695ms (cache miss)
128 http fetch GET 200 https://registry.npmjs.org/expo-web-browser/-/expo-web-browser-15.0.10.tgz 757ms (cache miss)
129 http fetch GET 200 https://registry.npmjs.org/expo-linking/-/expo-linking-8.0.11.tgz 802ms (cache miss)
130 http fetch GET 200 https://registry.npmjs.org/expo-auth-session/-/expo-auth-session-7.0.10.tgz 825ms (cache miss)
131 http fetch GET 200 https://registry.npmjs.org/expo-crypto/-/expo-crypto-15.0.8.tgz 832ms (cache miss)
132 http fetch GET 200 https://registry.npmjs.org/@xmldom%2fxmldom 1424ms (cache miss)
133 silly packumentCache corgi:https://registry.npmjs.org/@xmldom%2fxmldom set size:undefined disposed:false
134 silly packumentCache corgi:https://registry.npmjs.org/minimatch cache-miss
135 http fetch GET 200 https://registry.npmjs.org/minimatch 71ms (cache miss)
136 silly packumentCache corgi:https://registry.npmjs.org/minimatch set size:undefined disposed:false
137 silly packumentCache corgi:https://registry.npmjs.org/@expo%2fplist cache-miss
138 silly packumentCache corgi:https://registry.npmjs.org/plist cache-miss
139 http fetch GET 200 https://registry.npmjs.org/@expo%2fplist 126ms (cache miss)
140 silly packumentCache corgi:https://registry.npmjs.org/@expo%2fplist set size:undefined disposed:false
141 http fetch GET 200 https://registry.npmjs.org/plist 324ms (cache miss)
142 silly packumentCache corgi:https://registry.npmjs.org/plist set size:undefined disposed:false
143 silly packumentCache corgi:https://registry.npmjs.org/@expo%2fcode-signing-certificates cache-miss
144 silly packumentCache corgi:https://registry.npmjs.org/@expo%2fcli cache-miss
145 http fetch GET 200 https://registry.npmjs.org/@expo%2fcli 163ms (cache miss)
146 silly packumentCache corgi:https://registry.npmjs.org/@expo%2fcli set size:undefined disposed:false
147 http fetch GET 200 https://registry.npmjs.org/@expo%2fcode-signing-certificates 255ms (cache miss)
148 silly packumentCache corgi:https://registry.npmjs.org/@expo%2fcode-signing-certificates set size:undefined disposed:false
149 silly ADD node_modules/expo-linking
150 silly ADD node_modules/expo-web-browser
151 silly ADD node_modules/expo-auth-session
152 silly ADD node_modules/expo-auth-session/node_modules/expo-crypto
153 silly ADD node_modules/expo-auth-session/node_modules/expo-application
154 verbose cwd D:\salon-mobile-application\mobile
155 verbose os Windows_NT 10.0.26200
156 verbose node v24.14.0
157 verbose npm  v11.12.1
158 verbose exit 0
159 info ok
